-- ===================================================================
-- tests for database link (@dblink)
-- ===================================================================
-- This test file is intentionally separated from postgres_fdw.sql so the
-- DATABASE LINK feature coverage isn't mixed into the core postgres_fdw
-- regression script.
SELECT current_database() AS current_database,
  current_setting('port') AS current_port
\gset
\set dblink_connstr 'dbname=' :current_database ' port=' :current_port ' meta_ttl=0'
\set dblink_connstr_fdw 'dbname=' :current_database ' port=' :current_port ' fdw=postgres_fdw meta_ttl=0'
CREATE EXTENSION postgres_fdw;
CREATE SCHEMA "dblink_s";
CREATE TABLE "dblink_s"."dblink_t" (
	c1 int NOT NULL,
	CONSTRAINT dblink_t_pkey PRIMARY KEY (c1)
);
INSERT INTO "dblink_s"."dblink_t"
	SELECT id FROM generate_series(1, 1000) id;
ANALYZE "dblink_s"."dblink_t";
-- default FDW selection (should use postgres_fdw)
CREATE DATABASE LINK dblink_default CONNECT TO CURRENT_USER
	USING :'dblink_connstr';
SELECT count(*) FROM "dblink_s"."dblink_t"@dblink_default;
 count 
-------
  1000
(1 row)

DROP DATABASE LINK dblink_default;
CREATE DATABASE LINK dblink1 CONNECT TO CURRENT_USER
	USING :'dblink_connstr_fdw';
ALTER SERVER dblink1 OPTIONS (
	SET dbname :'current_database',
	SET port :'current_port'
);
SELECT count(*) FROM "dblink_s"."dblink_t"@dblink1;
 count 
-------
  1000
(1 row)

CREATE VIEW dblink_view AS
	SELECT c1 FROM "dblink_s"."dblink_t"@dblink1 WHERE c1 <= 3;
SELECT count(*) FROM dblink_view;
 count 
-------
     3
(1 row)

DROP VIEW dblink_view;
DROP DATABASE LINK dblink1;
-- ===================================================================
-- basic behavior under remote DDL changes
-- ===================================================================
-- Use a dedicated link so DDL-related behavior is isolated.
CREATE DATABASE LINK dblink_ddl CONNECT TO CURRENT_USER
	USING :'dblink_connstr_fdw';
-- baseline query
SELECT count(*) FROM "dblink_s"."dblink_t"@dblink_ddl;
 count 
-------
  1000
(1 row)

SELECT * FROM "dblink_s"."dblink_t"@dblink_ddl ORDER BY c1 LIMIT 1;
 c1 
----
  1
(1 row)

-- create a view over @dblink and verify it survives remote DDL changes
CREATE VIEW dblink_ddl_view AS
	SELECT c1 FROM "dblink_s"."dblink_t"@dblink_ddl WHERE c1 <= 3;
SELECT count(*) FROM dblink_ddl_view;
 count 
-------
     3
(1 row)

SELECT * FROM dblink_ddl_view ORDER BY c1;
 c1 
----
  1
  2
  3
(3 rows)

-- add a column on the remote and query it again through the same link
ALTER TABLE "dblink_s"."dblink_t" ADD COLUMN c2 int;
UPDATE "dblink_s"."dblink_t" SET c2 = c1 * 2;
ANALYZE "dblink_s"."dblink_t";
SELECT min(c2), max(c2) FROM "dblink_s"."dblink_t";
 min | max  
-----+------
   2 | 2000
(1 row)

SELECT min(c2), max(c2) FROM "dblink_s"."dblink_t"@dblink_ddl;
 min | max  
-----+------
   2 | 2000
(1 row)

SELECT * FROM "dblink_s"."dblink_t"@dblink_ddl ORDER BY c1 LIMIT 1;
 c1 | c2 
----+----
  1 |  2
(1 row)

-- the view should still work after ADD COLUMN
SELECT count(*) FROM dblink_ddl_view;
 count 
-------
     3
(1 row)

SELECT * FROM dblink_ddl_view ORDER BY c1;
 c1 
----
  1
  2
  3
(3 rows)

-- drop the added column and query again
ALTER TABLE "dblink_s"."dblink_t" DROP COLUMN c2;
SELECT count(*) FROM "dblink_s"."dblink_t"@dblink_ddl;
 count 
-------
  1000
(1 row)

SELECT * FROM "dblink_s"."dblink_t"@dblink_ddl ORDER BY c1 LIMIT 1;
 c1 
----
  1
(1 row)

-- the view should still work after DROP COLUMN
SELECT count(*) FROM dblink_ddl_view;
 count 
-------
     3
(1 row)

SELECT * FROM dblink_ddl_view ORDER BY c1;
 c1 
----
  1
  2
  3
(3 rows)

-- drop and recreate the remote table with a different shape
DROP TABLE "dblink_s"."dblink_t";
CREATE TABLE "dblink_s"."dblink_t" (
	c1 int NOT NULL,
	c3 text,
	CONSTRAINT dblink_t_pkey PRIMARY KEY (c1)
);
INSERT INTO "dblink_s"."dblink_t"
	SELECT id, 'v' || to_char(id, 'FM0000') FROM generate_series(1, 1000) id;
ANALYZE "dblink_s"."dblink_t";
-- query with the same link after recreate
SELECT count(*) FROM "dblink_s"."dblink_t"@dblink_ddl;
 count 
-------
  1000
(1 row)

SELECT c3 FROM "dblink_s"."dblink_t" ORDER BY c1 LIMIT 1;
  c3   
-------
 v0001
(1 row)

SELECT c3 FROM "dblink_s"."dblink_t"@dblink_ddl ORDER BY c1 LIMIT 1;
  c3   
-------
 v0001
(1 row)

SELECT * FROM "dblink_s"."dblink_t"@dblink_ddl ORDER BY c1 LIMIT 1;
 c1 |  c3   
----+-------
  1 | v0001
(1 row)

-- the view should still work after DROP/CREATE
SELECT count(*) FROM dblink_ddl_view;
 count 
-------
     3
(1 row)

SELECT * FROM dblink_ddl_view ORDER BY c1;
 c1 
----
  1
  2
  3
(3 rows)

-- rename the remote table; old name should fail, new name should work
ALTER TABLE "dblink_s"."dblink_t" RENAME TO dblink_t_renamed;
SELECT count(*) FROM "dblink_s"."dblink_t"@dblink_ddl;
ERROR:  relation "dblink_t" does not exist on foreign server "dblink_ddl"
SELECT count(*) FROM dblink_ddl_view;
ERROR:  relation "dblink_t" does not exist on foreign server "dblink_ddl"
SELECT count(*) FROM "dblink_s"."dblink_t_renamed"@dblink_ddl;
 count 
-------
  1000
(1 row)

ALTER TABLE "dblink_s"."dblink_t_renamed" RENAME TO dblink_t;
-- the view should work again after rename back
SELECT count(*) FROM dblink_ddl_view;
 count 
-------
     3
(1 row)

SELECT * FROM dblink_ddl_view ORDER BY c1;
 c1 
----
  1
  2
  3
(3 rows)

-- multi-table join over @dblink
CREATE TABLE "dblink_s"."dblink_t2" (
	c1 int NOT NULL,
	c4 text,
	CONSTRAINT dblink_t2_pkey PRIMARY KEY (c1)
);
INSERT INTO "dblink_s"."dblink_t2"
	SELECT id, 'w' || to_char(id, 'FM0000') FROM generate_series(1, 10) id;
ANALYZE "dblink_s"."dblink_t2";
EXPLAIN (VERBOSE, COSTS OFF)
SELECT count(*)
	FROM "dblink_s"."dblink_t"@dblink_ddl t
	JOIN "dblink_s"."dblink_t2"@dblink_ddl t2
	ON t.c1 = t2.c1;
                                                      QUERY PLAN                                                       
-----------------------------------------------------------------------------------------------------------------------
 Foreign Scan
   Output: (count(*))
   Relations: Aggregate on ((public.pg_dblink_dblink_ddl_anchor t) INNER JOIN (public.pg_dblink_dblink_ddl_anchor t2))
   Remote SQL: SELECT count(*) FROM (dblink_s.dblink_t r1 INNER JOIN dblink_s.dblink_t2 r2 ON (((r1.c1 = r2.c1))))
(4 rows)

SELECT count(*)
	FROM "dblink_s"."dblink_t"@dblink_ddl t
	JOIN "dblink_s"."dblink_t2"@dblink_ddl t2
	ON t.c1 = t2.c1;
 count 
-------
    10
(1 row)

DROP VIEW dblink_ddl_view;
DROP DATABASE LINK dblink_ddl;
-- USAGE privilege enforcement for selected/default FDW
CREATE ROLE dblink_no_usage;
REVOKE USAGE ON FOREIGN DATA WRAPPER postgres_fdw FROM dblink_no_usage;
SET ROLE dblink_no_usage;
CREATE DATABASE LINK dblink_priv_fail CONNECT TO CURRENT_USER
	USING :'dblink_connstr';
ERROR:  permission denied for foreign-data wrapper postgres_fdw
RESET ROLE;
DROP ROLE dblink_no_usage;
DROP SCHEMA "dblink_s" CASCADE;
NOTICE:  drop cascades to 2 other objects
DETAIL:  drop cascades to table dblink_s.dblink_t
drop cascades to table dblink_s.dblink_t2
